[    0.000000] Initializing cgroup subsys cpuset
[    0.000000] Initializing cgroup subsys cpu
[    0.000000] Initializing cgroup subsys cpuacct
[    0.000000] Linux version 4.4.0-184-generic (buildd@lgw01-amd64-060) (gcc version 5.4.0 20160609 (Ubuntu 5.4.0-6ubuntu1~16.04.12) ) #214-Ubuntu SMP Thu Jun 4 10:14:11 UTC 2020 (Ubuntu 4.4.0-184.214-generic 4.4.223)
[    0.000000] Command line: BOOT_IMAGE=/boot/vmlinuz-4.4.0-184-generic root=LABEL=cloudimg-rootfs ro console=tty1 console=ttyS0
[    0.000000] KERNEL supported cpus:
[    0.000000]   Intel GenuineIntel
[    0.000000]   AMD AuthenticAMD
[    0.000000]   Centaur CentaurHauls
[    0.000000] x86/fpu: xstate_offset[2]:  576, xstate_sizes[2]:  256
[    0.000000] x86/fpu: Supporting XSAVE feature 0x01: 'x87 floating point registers'
[    0.000000] x86/fpu: Supporting XSAVE feature 0x02: 'SSE registers'
[    0.000000] x86/fpu: Supporting XSAVE feature 0x04: 'AVX registers'
[    0.000000] x86/fpu: Enabled xstate features 0x7, context size is 832 bytes, using 'standard' format.
[    0.000000] e820: BIOS-provided physical RAM map:
[    0.000000] BIOS-e820: [mem 0x0000000000000000-0x000000000009fbff] usable
[    0.000000] BIOS-e820: [mem 0x000000000009fc00-0x000000000009ffff] reserved
[    0.000000] BIOS-e820: [mem 0x00000000000f0000-0x00000000000fffff] reserved
[    0.000000] BIOS-e820: [mem 0x0000000000100000-0x000000003ffeffff] usable
[    0.000000] BIOS-e820: [mem 0x000000003fff0000-0x000000003fffffff] ACPI data
[    0.000000] BIOS-e820: [mem 0x00000000fec00000-0x00000000fec00fff] reserved
[    0.000000] BIOS-e820: [mem 0x00000000fee00000-0x00000000fee00fff] reserved
[    0.000000] BIOS-e820: [mem 0x00000000fffc0000-0x00000000ffffffff] reserved
[    0.000000] NX (Execute Disable) protection: active
[    0.000000] SMBIOS 2.5 present.
[    0.000000] Hypervisor detected: KVM
[    0.000000] e820: last_pfn = 0x3fff0 max_arch_pfn = 0x400000000
[    0.000000] MTRR: Disabled
[    0.000000] x86/PAT: MTRRs disabled, skipping PAT initialization too.
[    0.000000] CPU MTRRs all blank - virtualized system.
[    0.000000] x86/PAT: Configuration [0-7]: WB  WT  UC- UC  WB  WT  UC- UC  
[    0.000000] found SMP MP-table at [mem 0x0009fff0-0x0009ffff] mapped at [ffff88000009fff0]
[    0.000000] Scanning 1 areas for low memory corruption
[    0.000000] RAMDISK: [mem 0x362de000-0x37166fff]
[    0.000000] ACPI: Early table checksum verification disabled
[    0.000000] ACPI: RSDP 0x00000000000E0000 000024 (v02 VBOX  )
[    0.000000] ACPI: XSDT 0x000000003FFF0030 00003C (v01 VBOX   VBOXXSDT 00000001 ASL  00000061)
[    0.000000] ACPI: FACP 0x000000003FFF00F0 0000F4 (v04 VBOX   VBOXFACP 00000001 ASL  00000061)
[    0.000000] ACPI: DSDT 0x000000003FFF0470 002325 (v02 VBOX   VBOXBIOS 00000002 INTL 20100528)
[    0.000000] ACPI: FACS 0x000000003FFF0200 000040
[    0.000000] ACPI: FACS 0x000000003FFF0200 000040
[    0.000000] ACPI: APIC 0x000000003FFF0240 00005C (v02 VBOX   VBOXAPIC 00000001 ASL  00000061)
[    0.000000] ACPI: SSDT 0x000000003FFF02A0 0001CC (v01 VBOX   VBOXCPUT 00000002 INTL 20100528)
[    0.000000] No NUMA configuration found
[    0.000000] Faking a node at [mem 0x0000000000000000-0x000000003ffeffff]
[    0.000000] NODE_DATA(0) allocated [mem 0x3ffeb000-0x3ffeffff]
[    0.000000] kvm-clock: Using msrs 4b564d01 and 4b564d00
[    0.000000] kvm-clock: cpu 0, msr 0:3ffe3001, primary cpu clock
[    0.000000] kvm-clock: using sched offset of 7002256867 cycles
[    0.000000] clocksource: kvm-clock: mask: 0xffffffffffffffff max_cycles: 0x1cd42e4dffb, max_idle_ns: 881590591483 ns
[    0.000000] Zone ranges:
[    0.000000]   DMA      [mem 0x0000000000001000-0x0000000000ffffff]
[    0.000000]   DMA32    [mem 0x0000000001000000-0x000000003ffeffff]
[    0.000000]   Normal   empty
[    0.000000]   Device   empty
[    0.000000] Movable zone start for each node
[    0.000000] Early memory node ranges
[    0.000000]   node   0: [mem 0x0000000000001000-0x000000000009efff]
[    0.000000]   node   0: [mem 0x0000000000100000-0x000000003ffeffff]
[    0.000000] Initmem setup node 0 [mem 0x0000000000001000-0x000000003ffeffff]
[    0.000000] ACPI: PM-Timer IO Port: 0x4008
[    0.000000] IOAPIC[0]: apic_id 2, version 32, address 0xfec00000, GSI 0-23
[    0.000000] ACPI: INT_SRC_OVR (bus 0 bus_irq 0 global_irq 2 dfl dfl)
[    0.000000] ACPI: INT_SRC_OVR (bus 0 bus_irq 9 global_irq 9 low level)
[    0.000000] Using ACPI (MADT) for SMP configuration information
[    0.000000] smpboot: Allowing 2 CPUs, 0 hotplug CPUs
[    0.000000] PM: Registered nosave memory: [mem 0x00000000-0x00000fff]
[    0.000000] PM: Registered nosave memory: [mem 0x0009f000-0x0009ffff]
[    0.000000] PM: Registered nosave memory: [mem 0x000a0000-0x000effff]
[    0.000000] PM: Registered nosave memory: [mem 0x000f0000-0x000fffff]
[    0.000000] e820: [mem 0x40000000-0xfebfffff] available for PCI devices
[    0.000000] Booting paravirtualized kernel on KVM
[    0.000000] clocksource: refined-jiffies: mask: 0xffffffff max_cycles: 0xffffffff, max_idle_ns: 7645519600211568 ns
[    0.000000] setup_percpu: NR_CPUS:512 nr_cpumask_bits:512 nr_cpu_ids:2 nr_node_ids:1
[    0.000000] PERCPU: Embedded 33 pages/cpu @ffff88003fc00000 s95448 r8192 d31528 u1048576
[    0.000000] Built 1 zonelists in Node order, mobility grouping on.  Total pages: 257912
[    0.000000] Policy zone: DMA32
[    0.000000] Kernel command line: BOOT_IMAGE=/boot/vmlinuz-4.4.0-184-generic root=LABEL=cloudimg-rootfs ro console=tty1 console=ttyS0
[    0.000000] PID hash table entries: 4096 (order: 3, 32768 bytes)
[    0.000000] Memory: 997664K/1048120K available (8632K kernel code, 1336K rwdata, 4036K rodata, 1492K init, 1292K bss, 50456K reserved, 0K cma-reserved)
[    0.000000] SLUB: HWalign=64, Order=0-3, MinObjects=0, CPUs=2, Nodes=1
[    0.000000] Kernel/User page tables isolation: enabled
[    0.000000] Hierarchical RCU implementation.
[    0.000000] 	Build-time adjustment of leaf fanout to 64.
[    0.000000] 	RCU restricting CPUs from NR_CPUS=512 to nr_cpu_ids=2.
[    0.000000] RCU: Adjusting geometry for rcu_fanout_leaf=64, nr_cpu_ids=2
[    0.000000] NR_IRQS:33024 nr_irqs:440 16
[    0.000000] Console: colour VGA+ 80x25
[    0.000000] console [tty1] enabled
[    0.000000] console [ttyS0] enabled
[    0.000000] tsc: Detected 2394.460 MHz processor
[    1.167001] Calibrating delay loop (skipped) preset value.. 4788.92 BogoMIPS (lpj=9577840)
[    1.178421] pid_max: default: 32768 minimum: 301
[    1.184185] ACPI: Core revision 20150930
[    1.200940] ACPI: 2 ACPI AML tables successfully acquired and loaded
[    1.211338] Security Framework initialized
[    1.216295] Yama: becoming mindful.
[    1.223896] AppArmor: AppArmor initialized
[    1.229801] Dentry cache hash table entries: 131072 (order: 8, 1048576 bytes)
[    1.251332] Inode-cache hash table entries: 65536 (order: 7, 524288 bytes)
[    1.259660] Mount-cache hash table entries: 2048 (order: 2, 16384 bytes)
[    1.267340] Mountpoint-cache hash table entries: 2048 (order: 2, 16384 bytes)
[    1.304838] Initializing cgroup subsys io
[    1.315253] Initializing cgroup subsys memory
[    1.329456] Initializing cgroup subsys devices
[    1.335854] Initializing cgroup subsys freezer
[    1.352873] Initializing cgroup subsys net_cls
[    1.376519] Initializing cgroup subsys perf_event
[    1.383892] Initializing cgroup subsys net_prio
[    1.394849] Initializing cgroup subsys hugetlb
[    1.404305] Initializing cgroup subsys pids
[    1.414777] mce: CPU supports 0 MCE banks
[    1.428004] Last level iTLB entries: 4KB 1024, 2MB 1024, 4MB 1024
[    1.442929] Last level dTLB entries: 4KB 1024, 2MB 1024, 4MB 1024, 1GB 4
[    1.452530] Spectre V1 : Mitigation: usercopy/swapgs barriers and __user pointer sanitization
[    1.472411] Spectre V2 : Mitigation: Full generic retpoline
[    1.492169] Spectre V2 : Spectre v2 / SpectreRSB mitigation: Filling RSB on context switch
[    1.505460] Speculative Store Bypass: Vulnerable
[    1.514666] SRBDS: Unknown: Dependent on hypervisor status
[    1.523882] MDS: Vulnerable: Clear CPU buffers attempted, no microcode
[    1.555293] Freeing SMP alternatives memory: 36K
[    1.610393] ftrace: allocating 32319 entries in 127 pages
[    1.971876] smpboot: APIC(0) Converting physical 0 to logical package 0
[    1.980115] smpboot: Max logical packages: 1
[    1.985800] x2apic enabled
[    1.993517] Switched APIC routing to physical x2apic.
[    2.005136] ..TIMER: vector=0x30 apic1=0 pin1=2 apic2=-1 pin2=-1
[    2.121568] smpboot: CPU0: Intel(R) Core(TM) i7-4500U CPU @ 1.80GHz (family: 0x6, model: 0x45, stepping: 0x1)
[    2.139015] Performance Events: unsupported p6 CPU model 69 no PMU driver, software events only.
[    2.204394] KVM setup paravirtual spinlock
[    2.213129] x86: Booting SMP configuration:
[    2.217606] .... node  #0, CPUs:      #1
[    2.226725] kvm-clock: cpu 1, msr 0:3ffe3041, secondary cpu clock
[    2.234680] mce: CPU supports 0 MCE banks
[    2.243035] x86: Booted up 1 node, 2 CPUs
[    2.250378] smpboot: Total of 2 processors activated (9577.84 BogoMIPS)
[    2.260363] devtmpfs: initialized
[    2.297431] evm: security.selinux
[    2.300904] evm: security.SMACK64
[    2.313150] evm: security.SMACK64EXEC
[    2.317155] evm: security.SMACK64TRANSMUTE
[    2.324424] evm: security.SMACK64MMAP
[    2.329635] evm: security.ima
[    2.333199] evm: security.capability
[    2.338852] clocksource: jiffies: mask: 0xffffffff max_cycles: 0xffffffff, max_idle_ns: 7645041785100000 ns
[    2.351606] futex hash table entries: 512 (order: 3, 32768 bytes)
[    2.361860] pinctrl core: initialized pinctrl subsystem
[    2.367585] RTC time: 21:18:33, date: 06/23/20
[    2.375194] NET: Registered protocol family 16
[    2.393203] cpuidle: using governor ladder
[    2.405691] cpuidle: using governor menu
[    2.411716] PCCT header not found.
[    2.415824] ACPI: bus type PCI registered
[    2.421714] acpiphp: ACPI Hot Plug PCI Controller Driver version: 0.5
[    2.430380] PCI: Using configuration type 1 for base access
[    2.461178] ACPI: Added _OSI(Module Device)
[    2.465100] ACPI: Added _OSI(Processor Device)
[    2.470494] ACPI: Added _OSI(3.0 _SCP Extensions)
[    2.478186] ACPI: Added _OSI(Processor Aggregator Device)
[    2.493506] ACPI: Executed 1 blocks of module-level executable AML code
[    2.517971] ACPI: Interpreter enabled
[    2.525445] ACPI: (supports S0 S5)
[    2.529720] ACPI: Using IOAPIC for interrupt routing
[    2.535169] PCI: Using host bridge windows from ACPI; if necessary, use "pci=nocrs" and report a bug
[    2.592900] ACPI: PCI Root Bridge [PCI0] (domain 0000 [bus 00-ff])
[    2.601467] acpi PNP0A03:00: _OSC: OS supports [ASPM ClockPM Segments MSI]
[    2.614886] acpi PNP0A03:00: _OSC: not requesting OS control; OS requires [ExtendedConfig ASPM ClockPM MSI]
[    2.662705] acpi PNP0A03:00: fail to add MMCONFIG information, can't access extended PCI configuration space under this bridge.
[    2.861554] PCI host bridge to bus 0000:00
[    2.876633] pci_bus 0000:00: root bus resource [io  0x0000-0x0cf7 window]
[    2.918226] pci_bus 0000:00: root bus resource [io  0x0d00-0xffff window]
[    2.945576] pci_bus 0000:00: root bus resource [mem 0x000a0000-0x000bffff window]
[    2.982426] pci_bus 0000:00: root bus resource [mem 0x40000000-0xfdffffff window]
[    2.998160] pci_bus 0000:00: root bus resource [bus 00-ff]
[    3.031545] pci 0000:00:01.1: legacy IDE quirk: reg 0x10: [io  0x01f0-0x01f7]
[    3.040833] pci 0000:00:01.1: legacy IDE quirk: reg 0x14: [io  0x03f6]
[    3.051709] pci 0000:00:01.1: legacy IDE quirk: reg 0x18: [io  0x0170-0x0177]
[    3.221555] pci 0000:00:01.1: legacy IDE quirk: reg 0x1c: [io  0x0376]
[    3.317180] pci 0000:00:07.0: quirk: [io  0x4000-0x403f] claimed by PIIX4 ACPI
[    3.333902] pci 0000:00:07.0: quirk: [io  0x4100-0x410f] claimed by PIIX4 SMB
[    3.401388] ACPI: PCI Interrupt Link [LNKA] (IRQs 5 9 10 *11)
[    3.413978] ACPI: PCI Interrupt Link [LNKB] (IRQs 5 9 *10 11)
[    3.425598] ACPI: PCI Interrupt Link [LNKC] (IRQs 5 *9 10 11)
[    3.439758] ACPI: PCI Interrupt Link [LNKD] (IRQs 5 9 10 *11)
[    3.455954] ACPI: Enabled 2 GPEs in block 00 to 07
[    3.469153] vgaarb: setting as boot device: PCI:0000:00:02.0
[    3.479470] vgaarb: device added: PCI:0000:00:02.0,decodes=io+mem,owns=io+mem,locks=none
[    3.492565] vgaarb: loaded
[    3.496997] vgaarb: bridge control possible 0000:00:02.0
[    3.504974] SCSI subsystem initialized
[    3.512110] ACPI: bus type USB registered
[    3.518053] usbcore: registered new interface driver usbfs
[    3.528333] usbcore: registered new interface driver hub
[    3.534684] usbcore: registered new device driver usb
[    3.545650] PCI: Using ACPI for IRQ routing
[    3.562547] NetLabel: Initializing
[    3.567095] NetLabel:  domain hash size = 128
[    3.573002] NetLabel:  protocols = UNLABELED CIPSOv4
[    3.579624] NetLabel:  unlabeled traffic allowed by default
[    3.595748] amd_nb: Cannot enumerate AMD northbridges
[    3.609137] clocksource: Switched to clocksource kvm-clock
[    3.702587] AppArmor: AppArmor Filesystem Enabled
[    3.712271] pnp: PnP ACPI init
[    3.722878] pnp: PnP ACPI: found 3 devices
[    3.758964] clocksource: acpi_pm: mask: 0xffffff max_cycles: 0xffffff, max_idle_ns: 2085701024 ns
[    3.769273] NET: Registered protocol family 2
[    3.779904] TCP established hash table entries: 8192 (order: 4, 65536 bytes)
[    3.789684] TCP bind hash table entries: 8192 (order: 5, 131072 bytes)
[    3.799384] TCP: Hash tables configured (established 8192 bind 8192)
[    3.807641] UDP hash table entries: 512 (order: 2, 16384 bytes)
[    3.813779] UDP-Lite hash table entries: 512 (order: 2, 16384 bytes)
[    3.820501] NET: Registered protocol family 1
[    3.826556] pci 0000:00:00.0: Limiting direct PCI/PCI transfers
[    3.832453] pci 0000:00:01.0: Activating ISA DMA hang workarounds
[    3.838947] Unpacking initramfs...
[    5.791143] Freeing initrd memory: 14884K
[    5.798234] RAPL PMU detected, API unit is 2^-32 Joules, 4 fixed counters 10737418240 ms ovfl timer
[    5.812714] hw unit of domain pp0-core 2^-0 Joules
[    5.820776] hw unit of domain package 2^-0 Joules
[    5.828658] hw unit of domain dram 2^-0 Joules
[    5.835362] hw unit of domain pp1-gpu 2^-0 Joules
[    5.844947] clocksource: tsc: mask: 0xffffffffffffffff max_cycles: 0x2283c649547, max_idle_ns: 440795304016 ns
[    5.861569] platform rtc_cmos: registered platform RTC device (no PNP device found)
[    5.879420] Scanning for low memory corruption every 60 seconds
[    5.890691] audit: initializing netlink subsys (disabled)
[    5.898238] audit: type=2000 audit(1592947123.513:1): initialized
[    5.907984] Initialise system trusted keyring
[    5.914072] HugeTLB registered 2 MB page size, pre-allocated 0 pages
[    5.931529] zbud: loaded
[    5.938654] VFS: Disk quotas dquot_6.6.0
[    5.945308] VFS: Dquot-cache hash table entries: 512 (order 0, 4096 bytes)
[    5.955875] squashfs: version 4.0 (2009/01/31) Phillip Lougher
[    5.966257] fuse init (API version 7.23)
[    5.973849] Key type big_key registered
[    5.981340] Allocating IMA MOK and blacklist keyrings.
[    5.996467] Key type asymmetric registered
[    6.001437] Asymmetric key parser 'x509' registered
[    6.008567] Block layer SCSI generic (bsg) driver version 0.4 loaded (major 249)
[    6.018747] io scheduler noop registered
[    6.024814] io scheduler deadline registered (default)
[    6.031583] io scheduler cfq registered
[    6.037547] pci_hotplug: PCI Hot Plug PCI Core version: 0.5
[    6.044200] pciehp: PCI Express Hot Plug Controller Driver version: 0.4
[    6.051709] ACPI: AC Adapter [AC] (off-line)
[    6.059778] input: Power Button as /devices/LNXSYSTM:00/LNXPWRBN:00/input/input0
[    6.070983] ACPI: Power Button [PWRF]
[    6.078383] input: Sleep Button as /devices/LNXSYSTM:00/LNXSLPBN:00/input/input1
[    6.088194] ACPI: Sleep Button [SLPF]
[    6.095541] GHES: HEST is not enabled!
[    6.099383] ACPI: Battery Slot [BAT0] (battery present)
[    6.107573] Serial: 8250/16550 driver, 32 ports, IRQ sharing enabled
[    6.139791] 00:02: ttyS0 at I/O 0x3f8 (irq = 4, base_baud = 115200) is a 16550A
[    6.164542] Linux agpgart interface v0.103
[    6.179876] loop: module loaded
[    6.193814] scsi host0: ata_piix
[    6.198768] scsi host1: ata_piix
[    6.203930] ata1: PATA max UDMA/33 cmd 0x1f0 ctl 0x3f6 bmdma 0xd000 irq 14
[    6.216770] ata2: PATA max UDMA/33 cmd 0x170 ctl 0x376 bmdma 0xd008 irq 15
[    6.227560] libphy: Fixed MDIO Bus: probed
[    6.232742] tun: Universal TUN/TAP device driver, 1.6
[    6.239400] tun: (C) 1999-2004 Max Krasnyansky <maxk@qualcomm.com>
[    6.249061] PPP generic driver version 2.4.2
[    6.256408] ehci_hcd: USB 2.0 'Enhanced' Host Controller (EHCI) Driver
[    6.266375] ehci-pci: EHCI PCI platform driver
[    6.275311] ehci-platform: EHCI generic platform driver
[    6.282160] ohci_hcd: USB 1.1 'Open' Host Controller (OHCI) Driver
[    6.290089] ohci-pci: OHCI PCI platform driver
[    6.297588] ohci-platform: OHCI generic platform driver
[    6.304841] uhci_hcd: USB Universal Host Controller Interface driver
[    6.312920] i8042: PNP: PS/2 Controller [PNP0303:PS2K,PNP0f03:PS2M] at 0x60,0x64 irq 1,12
[    6.327220] serio: i8042 KBD port at 0x60,0x64 irq 1
[    6.332932] serio: i8042 AUX port at 0x60,0x64 irq 12
[    6.340924] mousedev: PS/2 mouse device common for all mice
[    6.348841] input: AT Translated Set 2 keyboard as /devices/platform/i8042/serio0/input/input2
[    6.354907] rtc_cmos rtc_cmos: rtc core: registered rtc_cmos as rtc0
[    6.355324] rtc_cmos rtc_cmos: alarms up to one day, 114 bytes nvram
[    6.355357] i2c /dev entries driver
[    6.355596] device-mapper: uevent: version 1.0.3
[    6.355867] device-mapper: ioctl: 4.34.0-ioctl (2015-10-28) initialised: dm-devel@redhat.com
[    6.355955] ledtrig-cpu: registered to indicate activity on CPUs
[    6.357807] NET: Registered protocol family 10
[    6.358705] NET: Registered protocol family 17
[    6.358746] Key type dns_resolver registered
[    6.360398] registered taskstats version 1
[    6.360472] Loading compiled-in X.509 certificates
[    6.364041] Loaded X.509 cert 'Build time autogenerated kernel key: b6ae09eed57f82583ccd3c65c463e852cdd7a0b5'
[    6.364117] zswap: loaded using pool lzo/zbud
[    6.375099] Key type trusted registered
[    6.452237] Key type encrypted registered
[    6.452254] AppArmor: AppArmor sha1 policy hashing enabled
[    6.452264] ima: No TPM chip found, activating TPM-bypass!
[    6.452279] ima: Allocated hash algorithm: sha1
[    6.452333] evm: HMAC attrs: 0x1
[    6.454754]   Magic number: 8:229:349
[    6.488666] rtc_cmos rtc_cmos: setting system clock to 2020-06-23 21:18:37 UTC (1592947117)
[    6.489044] BIOS EDD facility v0.16 2004-Jun-25, 0 devices found
[    6.489046] EDD information not available.
[    6.840120] Freeing unused kernel memory: 1492K
[    6.873450] Write protecting the kernel read-only data: 14336k
[    6.898231] Freeing unused kernel memory: 1596K
[    6.909535] Freeing unused kernel memory: 60K
Loading, please wait...
starting version 229
[    7.012281] random: systemd-udevd: uninitialized urandom read (16 bytes read, 3 bits of entropy available)
[    7.021111] random: udevadm: uninitialized urandom read (16 bytes read, 3 bits of entropy available)
[    7.021195] random: udevadm: uninitialized urandom read (16 bytes read, 3 bits of entropy available)
[    7.082496] random: systemd-udevd: uninitialized urandom read (16 bytes read, 3 bits of entropy available)
[    7.098238] random: udevadm: uninitialized urandom read (16 bytes read, 3 bits of entropy available)
[    7.098435] random: udevadm: uninitialized urandom read (16 bytes read, 3 bits of entropy available)
[    7.099196] random: udevadm: uninitialized urandom read (16 bytes read, 3 bits of entropy available)
[    7.099452] random: udevadm: uninitialized urandom read (16 bytes read, 3 bits of entropy available)
[    7.099751] random: udevadm: uninitialized urandom read (16 bytes read, 3 bits of entropy available)
[    7.100007] random: udevadm: uninitialized urandom read (16 bytes read, 3 bits of entropy available)
[    7.585367] e1000: Intel(R) PRO/1000 Network Driver - version 7.3.21-k8-NAPI
[    7.608514] e1000: Copyright (c) 1999-2006 Intel Corporation.
[    7.629007] Fusion MPT base driver 3.04.20
[    7.637819] Copyright (c) 1999-2008 LSI Corporation
[    8.002193] Fusion MPT SPI Host driver 3.04.20
[    8.076848] input: ImExPS/2 Generic Explorer Mouse as /devices/platform/i8042/serio1/input/input4
[    8.200625] AVX2 version of gcm_enc/dec engaged.
[    8.208189] AES CTR mode by8 optimization enabled
[    9.165368] e1000 0000:00:03.0 eth0: (PCI:33MHz:32-bit) 02:89:fa:04:16:8f
[    9.175739] e1000 0000:00:03.0 eth0: Intel(R) PRO/1000 Network Connection
[   10.799248] e1000 0000:00:08.0 eth1: (PCI:33MHz:32-bit) 08:00:27:cc:9e:ed
[   10.809430] e1000 0000:00:08.0 eth1: Intel(R) PRO/1000 Network Connection
[   10.831105] e1000 0000:00:03.0 enp0s3: renamed from eth0
[   10.840353] mptbase: ioc0: Initiating bringup
[   10.862274] e1000 0000:00:08.0 enp0s8: renamed from eth1
[   10.948780] ioc0: LSI53C1030 A0: Capabilities={Initiator}
[   12.994148] scsi host2: ioc0: LSI53C1030 A0, FwRev=00000000h, Ports=1, MaxQ=256, IRQ=20
[   14.017423] scsi 2:0:0:0: Direct-Access     VBOX     HARDDISK         1.0  PQ: 0 ANSI: 5
[   14.130887] scsi target2:0:0: Beginning Domain Validation
[   14.152674] scsi target2:0:0: Domain Validation skipping write tests
[   14.161450] scsi target2:0:0: Ending Domain Validation
[   14.167613] scsi target2:0:0: asynchronous
[   14.179095] scsi 2:0:1:0: Direct-Access     VBOX     HARDDISK         1.0  PQ: 0 ANSI: 5
[   14.201260] scsi target2:0:1: Beginning Domain Validation
[   14.215656] scsi target2:0:1: Domain Validation skipping write tests
[   14.233598] scsi target2:0:1: Ending Domain Validation
[   14.247428] scsi target2:0:1: asynchronous
[   14.294587] sd 2:0:0:0: Attached scsi generic sg0 type 0
[   14.311669] sd 2:0:0:0: [sda] 20971520 512-byte logical blocks: (10.7 GB/10.0 GiB)
[   14.328742] sd 2:0:1:0: Attached scsi generic sg1 type 0
[   14.340301] sd 2:0:1:0: [sdb] 20480 512-byte logical blocks: (10.5 MB/10.0 MiB)
[   14.359584] sd 2:0:0:0: [sda] Write Protect is off
[   14.366365] sd 2:0:1:0: [sdb] Write Protect is off
[   14.374343] sd 2:0:0:0: [sda] Incomplete mode parameter data
[   14.381293] sd 2:0:0:0: [sda] Assuming drive cache: write through
[   14.381608] sd 2:0:1:0: [sdb] Incomplete mode parameter data
[   14.381616] sd 2:0:1:0: [sdb] Assuming drive cache: write through
[   14.400520] sd 2:0:1:0: [sdb] Attached SCSI disk
[   14.430735]  sda: sda1
[   14.439253] sd 2:0:0:0: [sda] Attached SCSI disk
Begin: Loading essential drivers ... [   17.979508] md: linear personality registered for level -1
[   17.995008] md: multipath personality registered for level -4
[   18.011922] md: raid0 personality registered for level 0
[   18.031018] md: raid1 personality registered for level 1
[   18.117378] raid6: sse2x1   gen()  1047 MB/s
[   18.189869] raid6: sse2x1   xor()   612 MB/s
[   18.261359] raid6: sse2x2   gen()  1761 MB/s
[   18.333595] raid6: sse2x2   xor()  1219 MB/s
[   18.405476] raid6: sse2x4   gen()  2715 MB/s
[   18.477176] raid6: sse2x4   xor()  1495 MB/s
[   18.549187] raid6: avx2x1   gen()  1995 MB/s
[   18.621787] raid6: avx2x2   gen()  3522 MB/s
[   18.697857] raid6: avx2x4   gen()  3754 MB/s
[   18.702510] raid6: using algorithm avx2x4 gen() 3754 MB/s
[   18.711395] raid6: using avx2x2 recovery algorithm
[   18.721289] xor: automatically using best checksumming function:
[   18.765709]    avx       :  6226.000 MB/sec
[   18.780609] async_tx: api initialized (async)
[   18.835326] md: raid6 personality registered for level 6
[   18.843934] md: raid5 personality registered for level 5
[   18.848910] md: raid4 personality registered for level 4
[   18.882680] md: raid10 personality registered for level 10
done.
Begin: Running /scripts/init-premount ... done.
Begin: Mounting root file system ... Begin: Running /scripts/local-top ... done.
Begin: Running /scripts/local-premount ... [   19.048456] Btrfs loaded
Scanning for Btrfs filesystems
done.
Warning: fsck not present, so skipping root file system
[   19.152424] EXT4-fs (sda1): mounted filesystem with ordered data mode. Opts: (null)
done.
Begin: Running /scripts/local-bottom ... done.
Begin: Running /scripts/init-bottom ... done.
[   19.465240] systemd[1]: systemd 229 running in system mode. (+PAM +AUDIT +SELINUX +IMA +APPARMOR +SMACK +SYSVINIT +UTMP +LIBCRYPTSETUP +GCRYPT +GNUTLS +ACL +XZ -LZ4 +SECCOMP +BLKID +ELFUTILS +KMOD -IDN)
[   19.484810] systemd[1]: Detected virtualization oracle.
[   19.493769] systemd[1]: Detected architecture x86-64.

Welcome to [1mUbuntu 16.04.6 LTS[0m!

[   19.507141] systemd[1]: Set hostname to <ubuntu>.
[   19.519526] systemd[1]: Initializing machine ID from random generator.
[   19.527247] systemd[1]: Installed transient /etc/machine-id file.
[   19.949766] systemd[1]: Listening on Syslog Socket.
[[0;32m  OK  [0m] Listening on Syslog Socket.
[   19.970743] systemd[1]: Listening on Journal Socket (/dev/log).
[[0;32m  OK  [0m] Listening on Journal Socket (/dev/log).
[   19.988638] systemd[1]: Started Forward Password Requests to Wall Directory Watch.
[[0;32m  OK  [0m] Started Forward Password Requests to Wall Directory Watch.
[   20.006713] systemd[1]: Reached target Encrypted Volumes.
[[0;32m  OK  [0m] Reached target Encrypted Volumes.
[   20.022253] systemd[1]: Created slice User and Session Slice.
[[0;32m  OK  [0m] Created slice User and Session Slice.
[   20.037501] systemd[1]: Listening on udev Control Socket.
[[0;32m  OK  [0m] Listening on udev Control Socket.
[   20.047007] systemd[1]: Started Trigger resolvconf update for networkd DNS.
[[0;32m  OK  [0m] Started Trigger resolvconf update for networkd DNS.
[   20.060646] systemd[1]: Listening on LVM2 metadata daemon socket.
[[0;32m  OK  [0m] Listening on LVM2 metadata daemon socket.
[   20.076787] systemd[1]: Set up automount Arbitrary Executable File Formats File System Automount Point.
[[0;32m  OK  [0m] Set up automount Arbitrary Executab...ats File System Automount Point.
[   20.099393] systemd[1]: Created slice System Slice.
[[0;32m  OK  [0m] Created slice System Slice.
[   20.111583] systemd[1]: Created slice system-serial\x2dgetty.slice.
[[0;32m  OK  [0m] Created slice system-serial\x2dgetty.slice.
[   20.125172] systemd[1]: Reached target User and Group Name Lookups.
[[0;32m  OK  [0m] Reached target User and Group Name Lookups.
[   20.137817] systemd[1]: Reached target Swap.
[[0;32m  OK  [0m] Reached target Swap.
[   20.147704] systemd[1]: Listening on Journal Audit Socket.
[[0;32m  OK  [0m] Listening on Journal Audit Socket.
[   20.161861] systemd[1]: Listening on Device-mapper event daemon FIFOs.
[[0;32m  OK  [0m] Listening on Device-mapper event daemon FIFOs.
[   20.177990] systemd[1]: Reached target Slices.
[[0;32m  OK  [0m] Reached target Slices.
[   20.186686] systemd[1]: Reached target System Time Synchronized.
[[0;32m  OK  [0m] Reached target System Time Synchronized.
[   20.201663] systemd[1]: Listening on udev Kernel Socket.
[[0;32m  OK  [0m] Listening on udev Kernel Socket.
[   20.211437] systemd[1]: Listening on /dev/initctl Compatibility Named Pipe.
[[0;32m  OK  [0m] Listening on /dev/initctl Compatibility Named Pipe.
[   20.221571] systemd[1]: Listening on LVM2 poll daemon socket.
[[0;32m  OK  [0m] Listening on LVM2 poll daemon socket.
[   20.232198] systemd[1]: Listening on Journal Socket.
[[0;32m  OK  [0m] Listening on Journal Socket.
[   20.253574] systemd[1]: Starting Uncomplicated firewall...
         Starting Uncomplicated firewall...
[   20.270734] systemd[1]: Starting Create list of required static device nodes for the current kernel...
         Starting Create list of required st... nodes for the current kernel...
[   20.298433] systemd[1]: Starting Load Kernel Modules...
         Starting Load Kernel Modules...
[   20.315068] systemd[1]: Mounting Huge Pages File System...
         Mounting Huge Pages File System...
[   20.328723] systemd[1]: Mounting POSIX Message Queue File System...
         Mounting POSIX Message Queue File System...
[   20.347566] systemd[1]: Starting Remount Root and Kernel File Systems...
         Starting Remount Root and Kernel File Systems...
[   20.366137] Loading iSCSI transport class v2.0-870.
[   20.366948] systemd[1]: Starting Nameserver information manager...
[   20.375620] EXT4-fs (sda1): re-mounted. Opts: (null)
[   20.389886] random: nonblocking pool is initialized
         Starting Nameserver information manager...
[   20.409779] systemd[1]: Mounting Debug File System...
         Mounting Debug File System...
[   20.420992] iscsi: registered transport (tcp)
[   20.431597] systemd[1]: Starting Monitoring of LVM2 mirrors, snapshots etc. using dmeventd or progress polling...
         Starting Monitoring of LVM2 mirrors... dmeventd or progress polling...
[   20.460198] systemd[1]: Starting Journal Service...
         Starting Journal Service...
[   20.506012] systemd[1]: Starting Set console keymap...
         Starting Set console keymap...
[   20.543088] systemd[1]: Mounted Huge Pages File System.
[[0;32m  OK  [0m] Mounted Huge Pages File System.
[   20.565846] systemd[1]: Mounted POSIX Message Queue File System.
[[0;32m  OK  [0m] Mounted POSIX Message Queue File System.
[   20.581199] systemd[1]: Mounted Debug File System.
[[0;32m  OK  [0m] Mounted Debug File System.
[   20.595390] systemd[1]: Started Uncomplicated firewall.
[[0;32m  OK  [0m] Started Uncomplicated firewall.
[   20.615871] systemd[1]: Started Create list of required static device nodes for the current kernel.
[[0;32m  OK  [0m] Started Create list of required sta...ce nodes for the current kernel.
[   20.647847] systemd[1]: Started Remount Root and Kernel File Systems.
[[0;32m  OK  [0m] Started Remount Root and Kernel File Systems.
[   20.721924] systemd[1]: Started Nameserver information manager.
[[0;32m  OK  [0m] Started Nameserver information manager.[   20.744986] iscsi: registered transport (iser)

[   20.748533] systemd[1]: Started Journal Service.
[[0;32m  OK  [0m] Started Journal Service.
[[0;32m  OK  [0m] Started Load Kernel Modules.
[[0;32m  OK  [0m] Started LVM2 metadata daemon.
         Starting Apply Kernel Variables...
         Mounting FUSE Control File System...
         Starting Load/Save Random Seed...
         Starting udev Coldplug all Devices...
         Starting Flush Journal to Persistent Storage...
         Starting Create Static Device Nodes in /dev...
[[0;32m  OK  [0m] Mounted FUSE Control File System.
[[0;32m  OK  [0m] Started Apply Kernel Variables.
[[0;32m  OK  [0m] Started Load/Save Random Seed.
[[0;32m  OK  [0m] Started Flush Journal to Persistent Storage.
[[0;32m  OK  [0m] Started Create Static Device Nodes in /dev.
         Starting udev Kernel Device Manager...
[[0;32m  OK  [0m] Started Monitoring of LVM2 mirrors,...ng dmeventd or progress polling.
[[0;32m  OK  [0m] Started udev Kernel Device Manager.
[[0;32m  OK  [0m] Started udev Coldplug all Devices.
[[0;32m  OK  [0m] Started Set console keymap.
[[0;32m  OK  [0m] Reached target Local File Systems (Pre).
[[0;32m  OK  [0m] Reached target Local File Systems.
         Starting LSB: AppArmor initialization...
         Starting Tell Plymouth To Write Out Runtime Data...
         Starting Commit a transient machine-id on disk...
         Starting Create Volatile Files and Directories...
         Starting Set console font and keymap...
         Starting Initial cloud-init job (pre-networking)...
[[0;32m  OK  [0m] Started Dispatch Password Requests to Console Directory Watch.
[[0;32m  OK  [0m] Started Tell Plymouth To Write Out Runtime Data.
[[0;32m  OK  [0m] Started Commit a transient machine-id on disk.
[[0;32m  OK  [0m] Started Create Volatile Files and Directories.
         Starting Update UTMP about System Boot/Shutdown...
[[0;32m  OK  [0m] Started Update UTMP about System Boot/Shutdown.
[[0;32m  OK  [0m] Found device /dev/ttyS0.
[[0;32m  OK  [0m] Listening on Load/Save RF Kill Switch Status /dev/rfkill Watch.
[[0;32m  OK  [0m] Started Initial cloud-init job (pre-networking).
[[0;32m  OK  [0m] Reached target Network (Pre).
[   27.116056] cloud-init[503]: Cloud-init v. 19.4-33-gbb4131a2-0ubuntu1~16.04.1 running 'init-local' at Tue, 23 Jun 2020 21:18:58 +0000. Up 24.61 seconds.
[[0;32m  OK  [0m] Started Set console font and keymap.
[[0;32m  OK  [0m] Created slice system-getty.slice.
[[0;32m  OK  [0m] Started LSB: AppArmor initialization.
         Starting Raise network interfaces...
[[0;32m  OK  [0m] Started Raise network interfaces.
[[0;32m  OK  [0m] Reached target Network.
         Starting Initial cloud-init job (metadata service crawler)...
[   36.813985] cloud-init[968]: Cloud-init v. 19.4-33-gbb4131a2-0ubuntu1~16.04.1 running 'init' at Tue, 23 Jun 2020 21:19:07 +0000. Up 34.34 seconds.
[   36.824519] cloud-init[968]: ci-info: ++++++++++++++++++++++++++++++++++++++Net device info+++++++++++++++++++++++++++++++++++++++
[   36.832853] cloud-init[968]: ci-info: +--------+-------+----------------------------+---------------+--------+-------------------+
[   36.844936] cloud-init[968]: ci-info: | Device |   Up  |          Address           |      Mask     | Scope  |     Hw-Address    |
[   36.855107] cloud-init[968]: ci-info: +--------+-------+----------------------------+---------------+--------+-------------------+
[   36.864589] cloud-init[968]: ci-info: | enp0s3 |  True |         10.0.2.15          | 255.255.255.0 | global | 02:89:fa:04:16:8f |
[   36.876877] cloud-init[968]: ci-info: | enp0s3 |  True | fe80::89:faff:fe04:168f/64 |       .       |  link  | 02:89:fa:04:16:8f |
[   36.893625] cloud-init[968]: ci-info: | enp0s8 | False |             .              |       .       |   .    | 08:00:27:cc:9e:ed |
[   36.902944] cloud-init[968]: ci-info: |   lo   |  True |         127.0.0.1          |   255.0.0.0   |  host  |         .         |
[   36.912599] cloud-init[968]: ci-info: |   lo   |  True |          ::1/128           |       .       |  host  |         .         |
[   36.926085] cloud-init[968]: ci-info: +--------+-------+----------------------------+---------------+--------+-------------------+
[   36.936027] cloud-init[968]: ci-info: +++++++++++++++++++++++++++Route IPv4 info++++++++++++++++++++++++++++
[   36.944095] cloud-init[968]: ci-info: +-------+-------------+----------+---------------+-----------+-------+
[   36.951101] cloud-init[968]: ci-info: | Route | Destination | Gateway  |    Genmask    | Interface | Flags |
[   36.965120] cloud-init[968]: ci-info: +-------+-------------+----------+---------------+-----------+-------+
[   36.974507] cloud-init[968]: ci-info: |   0   |   0.0.0.0   | 10.0.2.2 |    0.0.0.0    |   enp0s3  |   UG  |
[   36.980949] cloud-init[968]: ci-info: |   1   |   10.0.2.0  | 0.0.0.0  | 255.255.255.0 |   enp0s3  |   U   |
[   36.989739] cloud-init[968]: ci-info: +-------+-------------+----------+---------------+-----------+-------+
[   36.997100] cloud-init[968]: ci-info: +++++++++++++++++++Route IPv6 info+++++++++++++++++++
[   37.005811] cloud-init[968]: ci-info: +-------+-------------+---------+-----------+-------+
[   37.013594] cloud-init[968]: ci-info: | Route | Destination | Gateway | Interface | Flags |
[   37.023960] cloud-init[968]: ci-info: +-------+-------------+---------+-----------+-------+
[   37.034480] cloud-init[968]: ci-info: |   0   |  fe80::/64  |    ::   |   enp0s3  |   U   |
[   37.035266] cloud-init[968]: ci-info: |   4   |   ff00::/8  |    ::   |   enp0s3  |   U   |[
[0;32m  OK  [0m] Started Initial cloud-init job (metadata service crawler).
[   37.036650] cloud-init[968]: ci-info: +-------+-------------+---------+-----------+-------+
[   37.047254] cloud-init[968]: Generating public/private rsa key pair.
[   37.050674] cloud-init[968]: Your identification has been saved in /etc/ssh/ssh_host_rsa_key.
[[0;32m  OK  [0m] Reached target Cloud-config availability.
[   37.055567] cloud-init[968]: Your public key has been saved in /etc/ssh/ssh_host_rsa_key.pub.
[   37.071342] cloud-init[968]: The key fingerprint is:
[   37.073187] cloud-init[968]: SHA256:dYCa9ala8ayhzi7K9E74YIfyBXAI7lx533s0tZCvdmM root@ubuntu-xenial
[   37.076051] cloud-init[968]: The key's randomart image is:
[   37.077751] cloud-init[968]: +---[RSA 2048]----+
[   37.083594] cloud-init[968]: |.        ..      |
[   37.086744] cloud-init[968]: |o.  .   o  ..    |
[   37.086988] cloud-init[968]: |o..o . + ..+..   |
[[0;32m  OK  [0m] Reached target System Initialization.
[   37.089403] cloud-init[968]: |oo. . + o.o.+ .  |
[[   37.099886] cloud-init[968]: | o.    .S* o o   |
[   37.101571] cloud-init[968]: |   +    + = o    |
[0;32m  OK  [0m] Started Daily apt download activities.
[   37.102263] cloud-init[968]: |. * +  + + + E   |
[   37.110213] cloud-init[968]: | * B..o . o o .  |
[   37.113713] cloud-init[968]: |  +o+++          |
[   37.114486] cloud-init[968]: +----[SHA256]-----+
[[0;32m  OK  [0m] Listening on D-Bus System Message Bus Socket.
[   37.114944] cloud-init[968]: Generating public/private dsa key pair.
[   37.123325] cloud-init[968]: Your identification has been saved in /etc/ssh/ssh_host_dsa_key.
[   37.126785] cloud-init[968]: Your public key has been saved in /etc/ssh/ssh_host_dsa_key.pub.
[   37.127972] cloud-init[968]: The key fingerprint is:
[   37.129922] cloud-init[968]: SHA256:ZD9AlYCCoRp+Fg+6tGRA9cLRL8u2+OIy5jCXlay07vM root@ubuntu-xenial
[   37.134829] cloud-init[968]: The key's randomart image is:
[   37.136933] cloud-init[968]: +---[DSA 1024]----+
[   37.140513] cloud-init[968]: | .o=.  .oo..     |
[[0;32m  OK  [0m] Started Daily apt upgrade and clean activities.
[   37.140846] cloud-init[968]: |..o +...  .      |
[   37.157379] cloud-init[968]: |+  = o. +        |
         Starting LXD - unix socket.
[[0;32m  OK  [0m] Listening on UUID daemon activation socket.[   37.162440] cloud-init[968]: |+...=o + o       |
[   37.176875] cloud-init[968]: |.*.o=.o S o      |
[   37.179470] cloud-init
[[0;32m  OK  [0m] Started Message of the Day.
[[968]: |+.== +     .     |
[   37.186340] cloud-init[0;32m  OK  [0m] Listening on ACPID Listen Socket.
         [968]: |oo= o .          |
[   37.192642] cloud-init[968]: |.B.o .           |
Starting Socket activation for snappy daemon.
[   37.194934] cloud-init[968]: |oo*+E.           |
[   37.198207] cloud-init[968]: +----[SHA256]-----+
[[0;32m  OK  [0m] Started Daily Cleanup of Temporary Directories.
[   37.200911] cloud-init[968]: Generating public/private ecdsa key pair.
[   37.207845] cloud-init[968]: Your identification has been saved in /etc/ssh/ssh_host_ecdsa_key.
[   37.212275] cloud-init[968]: Your public key has been saved in /etc/ssh/ssh_host_ecdsa_key.pub.
[   37.215693] cloud-init[968]: The key fingerprint is:
[   37.220264] cloud-init[968]: SHA256:TsOUfjT3xdoLR9OWUelqkfW6MtU2DHjI3l+Z4/Lt1i8 root@ubuntu-xenial
[[0;32m  OK  [0m] Reached target Timers.
[   37.221966] cloud-init[968]: The key's randomart image is:
[   37.222534] cloud-init[968]: +---[ECDSA 256]---+
[   37.225706] cloud-init[968]: |               .+|
[   37.245169] cloud-init[968]: |         .     ++|
[   37.256688] cloud-init[968]: |        o + + ++*|
[   37.259678] cloud-init[968]: |       + . * *.*o|
[   37.262104] cloud-init[968]: |        S o o.B++|
[   37.265438] cloud-init[968]: |       o o . +=*=|
[   37.266497] cloud-init[968]: |        .   ..o+=|
[   37.273153] cloud-init[968]: |            o.Eo+|
[[0;32m  OK  [0m] Started ACPI Events Check.
[   37.274905] cloud-init[968]: |             oo==|
[   37.282766] cloud-init[968]: +----[SHA256]-----+
[   37.283894] cloud-init[968]: Generating public/private ed25519 key pair.
[[0;32m  OK  [0m] Reached target Paths.
[   37.284884] cloud-init[968]: Your identification has been saved in /etc/ssh/ssh_host_ed25519_key.
[   37.293247] cloud-init[968]: Your public key has been saved in /etc/ssh/ssh_host_ed25519_key.pub.
[   37.294990] cloud-init[968]: The key fingerprint is:
[[0;32m  OK  [0m] Reached target Network is Online.
[   37.295261] cloud-init[968]: SHA256:9mVaBdhlH0XXEbI+cZcCqAqJdx+7Lk55rDN5L817g5Y root@ubuntu-xenial
[   37.299201] cloud-init[968]: The key's randomart image is:
[   37.305521] cloud-init[968]: +--[ED25519 256]--+
[   37.310193] cloud-init[968]: |          .+.oo=O|
[   37.312006] cloud-init[968]: |         .. ooo.=|
[   37.317340] cloud-init[968]: |  . .   .    +.oo|
[   37.326509] cloud-init[968]: | . + . o    ..+ .|
[   37.330445] cloud-init[968]: |  . o o S   +o   |
[   37.334322] cloud-init[968]: |     .o+ . =  .  |
         Starting iSCSI initiator daemon (iscsid)...[   37.339181] 
cloud-init[968]: |     o.o+ =      |
[   37.345757] cloud-init[968]: |    .=o+ E o     |
[   37.351053] [[0;32m  OK  [0m] Listening on LXD - unix socket.
[[0;32m  OK  [0m] Listening on Socket activation for snappy daemon.
cloud-init[[0;32m  OK  [0m] Reached target Sockets.
[[0;32m  OK  [0m] Reached target Basic System.
         Starting Login Service...
[[0;32m  OK  [0m] Started ACPI event daemon.
[968]: |    .o*.+oo .    |[[0;32m  OK  [0m] Started D-Bus System Message Bus.

[   37.413762] cloud-init[968]: +----[SHA256]-----+
         Starting LSB: Record successful boot for GRUB...
         Starting LXD - container startup/shutdown...
[[0;32m  OK  [0m] Started Regular background program processing daemon.
[[0;32m  OK  [0m] Started Deferred execution scheduler.
         Starting /etc/rc.local Compatibility...
[[0;32m  OK  [0m] Started FUSE filesystem for LXC.
         Starting LSB: MD monitoring daemon...
         Starting Pollinate to seed the pseudo random number generator...
         Starting Accounts Service...
         Starting Virtualbox guest utils...
         Starting System Logging Service...
         Starting Snappy daemon...
[[0;32m  OK  [0m] Started /etc/rc.local Compatibility.
[[0;32m  OK  [0m] Started iSCSI initiator daemon (iscsid).
[[0;32m  OK  [0m] Started Login Service.
[[0;32m  OK  [0m] Started Unattended Upgrades Shutdown.
         Starting Login to default iSCSI targets...
[[0;32m  OK  [0m] Started System Logging Service.
[[0;32m  OK  [0m] Started LSB: Record successful boot for GRUB.
[[0;32m  OK  [0m] Started LXD - container startup/shutdown.
         Starting Authenticate and Authorize Users to Run Privileged Tasks...
[[0;32m  OK  [0m] Started LSB: MD monitoring daemon.
[[0;32m  OK  [0m] Started Login to default iSCSI targets.
[[0;32m  OK  [0m] Reached target Remote File Systems (Pre).
[[0;32m  OK  [0m] Reached target Remote File Systems.
         Starting LSB: daemon to balance interrupts for SMP systems...
         Starting LSB: automatic crash report generation...
         Starting Permit User Sessions...
         Starting LSB: Set the CPU Frequency Scaling governor to "ondemand"...
[[0;32m  OK  [0m] Started Permit User Sessions.
         Starting Hold until boot process finishes up...
         Starting Terminate Plymouth Boot Screen...
[[0;32m  OK  [0m] Started Terminate Plymouth Boot Screen.
[[0;32m  OK  [0m] Started Hold until boot process finishes up.
[[0;32m  OK  [0m] Started Authenticate and Authorize Users to Run Privileged Tasks.
[[0;32m  OK  [0m] Started Accounts Service.
         Starting Set console scheme...
[[0;32m  OK  [0m] Started Serial Getty on ttyS0.
[[0;32m  OK  [0m] Started Getty on tty1.
[[0;32m  OK  [0m] Reached target Login Prompts.
[[0;32m  OK  [0m] Started Set console scheme.
[[0;32m  OK  [0m] Started LSB: automatic crash report generation.
[[0;32m  OK  [0m] Started LSB: Set the CPU Frequency Scaling governor to "ondemand".
[[0;32m  OK  [0m] Started LSB: daemon to balance interrupts for SMP systems.
[[0;32m  OK  [0m] Started Virtualbox guest utils.
[[0;32m  OK  [0m] Started Snappy daemon.
         Starting Wait until snapd is fully seeded...
[[0;32m  OK  [0m] Started Pollinate to seed the pseudo random number generator.
         Starting OpenBSD Secure Shell server...
[[0;32m  OK  [0m] Started OpenBSD Secure Shell server.
[[0;32m  OK  [0m] Started Wait until snapd is fully seeded.
[[0;32m  OK  [0m] Reached target Multi-User System.
[[0;32m  OK  [0m] Reached target Graphical Interface.
         Starting Update UTMP about System Runlevel Changes...
         Starting Apply the settings specified in cloud-config...
[[0;32m  OK  [0m] Started Update UTMP about System Runlevel Changes.
[[0;32m  OK  [0m] Created slice User Slice of vagrant.
         Starting User Manager for UID 1000...
[[0;32m  OK  [0m] Started Session 1 of user vagrant.
[[0;32m  OK  [0m] Started User Manager for UID 1000.
[   44.223201] cloud-init[1340]: Generating locales (this might take a while)...

Ubuntu 16.04.6 LTS ubuntu-xenial ttyS0

ubuntu-xenial login: [   52.937203] cloud-init[1340]:   en_US.UTF-8... done
[   52.940940] cloud-init[1340]: Generation complete.
[   54.939652] cloud-init[1340]: Cloud-init v. 19.4-33-gbb4131a2-0ubuntu1~16.04.1 running 'modules:config' at Tue, 23 Jun 2020 21:19:16 +0000. Up 43.04 seconds.
ci-info: no authorized SSH keys fingerprints found for user ubuntu.
<14>Jun 23 21:19:31 ec2: 
<14>Jun 23 21:19:31 ec2: #############################################################
<14>Jun 23 21:19:31 ec2: -----BEGIN SSH HOST KEY FINGERPRINTS-----
<14>Jun 23 21:19:31 ec2: 1024 SHA256:ZD9AlYCCoRp+Fg+6tGRA9cLRL8u2+OIy5jCXlay07vM root@ubuntu-xenial (DSA)
<14>Jun 23 21:19:31 ec2: 256 SHA256:TsOUfjT3xdoLR9OWUelqkfW6MtU2DHjI3l+Z4/Lt1i8 root@ubuntu-xenial (ECDSA)
<14>Jun 23 21:19:31 ec2: 256 SHA256:9mVaBdhlH0XXEbI+cZcCqAqJdx+7Lk55rDN5L817g5Y root@ubuntu-xenial (ED25519)
<14>Jun 23 21:19:31 ec2: 2048 SHA256:dYCa9ala8ayhzi7K9E74YIfyBXAI7lx533s0tZCvdmM root@ubuntu-xenial (RSA)
<14>Jun 23 21:19:31 ec2: -----END SSH HOST KEY FINGERPRINTS-----
<14>Jun 23 21:19:31 ec2: #############################################################
-----BEGIN SSH HOST KEY KEYS-----
ecdsa-sha2-nistp256 AAAAE2VjZHNhLXNoYTItbmlzdHAyNTYAAAAIbmlzdHAyNTYAAABBBKcPM/dNhg5lNBl6dXH9mrQvySmvR8q4HCs+ea1WCRn8B4ZIUV3p/v1PKS8olxsiOnn3ZPpBo/YHQz4Hi5gl1y4= root@ubuntu-xenial
ssh-ed25519 AAAAC3NzaC1lZDI1NTE5AAAAIBQNMoQfmv9ksF8EojiWpKkmRVissOB3JWos5j0Q2tDg root@ubuntu-xenial
ssh-rsa AAAAB3NzaC1yc2EAAAADAQABAAABAQDHgGOPmuuIkrJpRk/P00H2Aq4EHavGLB3hvMwlMliOM2WDhM9EE3pETO9SxRNDp+iRLNrGGnQ1/Dx6/HkKwWmwi/SkA4HdilACj3ymzrIFF0Uoo30skEdg/1ehsakeOC6YUSz7/PDc36B+9pJCEOMar6lqqGw2T4UGtv93pW1cL+xHunj5sR7YdlTMoL4QrhsFATtH2i50IIbWu6DDDAFJkIZg1oXraOvkPMMsGfa2vMN3H6P22GiWJmmYM9ppX3KdFQRBil2yyNBHN791ZbSzByu6mmcbbnOBlh0M8JWMfucCjUmCYhuNQFXoqOOBGDKP0tC6KxoodYOmFZ/lA+93 root@ubuntu-xenial
-----END SSH HOST KEY KEYS-----
[   58.224695] cloud-init[1584]: Cloud-init v. 19.4-33-gbb4131a2-0ubuntu1~16.04.1 running 'modules:final' at Tue, 23 Jun 2020 21:19:30 +0000. Up 57.31 seconds.
[   58.225753] cloud-init[1584]: ci-info: no authorized SSH keys fingerprints found for user ubuntu.
[   58.228109] cloud-init[1584]: Cloud-init v. 19.4-33-gbb4131a2-0ubuntu1~16.04.1 finished at Tue, 23 Jun 2020 21:19:31 +0000. Datasource DataSourceNoCloud [seed=/dev/sdb][dsmode=net].  Up 58.17 seconds
